[  621253ms] [ERROR] Failed to load resource: the server responded with a status of 500 (Internal Server Error) @ http://localhost:4173/.vitepress/theme/home-v2/HomeCapabilities.vue?t=1786708985324:0
[  621260ms] [ERROR] [vite] Failed to reload /.vitepress/theme/home-v2/HomeCapabilities.vue. This could be due to syntax errors or importing non-existent modules. (see errors above) @ http://localhost:4173/@vite/client:524
[  625366ms] [WARNING] [Vue warn] Set operation on key "nav" failed: target is readonly. {logo: Object, outline: Array(2), socialLinks: Array(1), footer: Object, editLink: Object} @ http://localhost:4173/@vite/client:524
[  626248ms] Uncaught Error: Looks like your website URL has changed. To ensure the proper functioning of your banner, update the registered URL on your CookieYes account (navigate to the Organizations & Sites page (https://app.cookieyes.com/settings/organizations-and-sites) and click the More button associated with your site). Then, reload this page to retry. If the issue persists, please contact us at https://www.cookieyes.com/support.
    at <anonymous> (https://cdn-cookieyes.com/client_data/77fa2aeccc90021ffe8b8f49/script.js:0:89070)
    at <anonymous> (https://cdn-cookieyes.com/client_data/77fa2aeccc90021ffe8b8f49/script.js:0:98790)
    at <anonymous> (https://cdn-cookieyes.com/client_data/77fa2aeccc90021ffe8b8f49/script.js:0:98793)
[  647172ms] [ERROR] Failed to load module script: Expected a JavaScript-or-Wasm module script but the server responded with a MIME type of "text/html". Strict MIME type checking is enforced for module scripts per HTML spec. @ http://localhost:4173/@fs/Users/maks/Projects/revogrid-pro-advance/revogrid-pro/packages/pro/dist/chunks/aggregations.js?t=1786709011352:0
[  647172ms] [ERROR] [vite] Failed to reload /.vitepress/theme/home-v2/HomeCapabilities.vue. This could be due to syntax errors or importing non-existent modules. (see errors above) @ http://localhost:4173/@vite/client:524
[  647173ms] [ERROR] Failed to load module script: Expected a JavaScript-or-Wasm module script but the server responded with a MIME type of "text/html". Strict MIME type checking is enforced for module scripts per HTML spec. @ http://localhost:4173/@fs/Users/maks/Projects/revogrid-pro-advance/revogrid-pro/packages/pro/dist/chunks/audit-history.js?t=1786709011311:0
[  647175ms] [ERROR] Failed to load module script: Expected a JavaScript-or-Wasm module script but the server responded with a MIME type of "text/html". Strict MIME type checking is enforced for module scripts per HTML spec. @ http://localhost:4173/@fs/Users/maks/Projects/revogrid-pro-advance/revogrid-pro/packages/pro/dist/chunks/column-dialog.js?t=1786709011314:0
[  647177ms] [ERROR] Failed to load module script: Expected a JavaScript-or-Wasm module script but the server responded with a MIME type of "text/html". Strict MIME type checking is enforced for module scripts per HTML spec. @ http://localhost:4173/@fs/Users/maks/Projects/revogrid-pro-advance/revogrid-pro/packages/pro/dist/chunks/array-renderer.js?t=1786709011346:0
[  647179ms] [ERROR] Failed to load module script: Expected a JavaScript-or-Wasm module script but the server responded with a MIME type of "text/html". Strict MIME type checking is enforced for module scripts per HTML spec. @ http://localhost:4173/@fs/Users/maks/Projects/revogrid-pro-advance/revogrid-pro/packages/pro/dist/chunks/autofill.js?t=1786709011318:0
[  647180ms] [ERROR] Failed to load module script: Expected a JavaScript-or-Wasm module script but the server responded with a MIME type of "text/html". Strict MIME type checking is enforced for module scripts per HTML spec. @ http://localhost:4173/@fs/Users/maks/Projects/revogrid-pro-advance/revogrid-pro/packages/pro/dist/chunks/cell-flash.js?t=1786709011333:0
[  647184ms] [ERROR] Failed to load module script: Expected a JavaScript-or-Wasm module script but the server responded with a MIME type of "text/html". Strict MIME type checking is enforced for module scripts per HTML spec. @ http://localhost:4173/@fs/Users/maks/Projects/revogrid-pro-advance/revogrid-pro/packages/pro/dist/chunks/buttons.js?t=1786709011373:0
[  647185ms] [ERROR] Failed to load module script: Expected a JavaScript-or-Wasm module script but the server responded with a MIME type of "text/html". Strict MIME type checking is enforced for module scripts per HTML spec. @ http://localhost:4173/@fs/Users/maks/Projects/revogrid-pro-advance/revogrid-pro/packages/pro/dist/chunks/cell-focus.js?t=1786709011319:0
[  647186ms] [ERROR] Failed to load module script: Expected a JavaScript-or-Wasm module script but the server responded with a MIME type of "text/html". Strict MIME type checking is enforced for module scripts per HTML spec. @ http://localhost:4173/@fs/Users/maks/Projects/revogrid-pro-advance/revogrid-pro/packages/pro/dist/chunks/cell-merge.js?t=1786709011360:0
[  647188ms] [ERROR] Failed to load module script: Expected a JavaScript-or-Wasm module script but the server responded with a MIME type of "text/html". Strict MIME type checking is enforced for module scripts per HTML spec. @ http://localhost:4173/@fs/Users/maks/Projects/revogrid-pro-advance/revogrid-pro/packages/pro/dist/chunks/cell-validate.js?t=1786709011315:0
[  647190ms] [ERROR] Failed to load module script: Expected a JavaScript-or-Wasm module script but the server responded with a MIME type of "text/html". Strict MIME type checking is enforced for module scripts per HTML spec. @ http://localhost:4173/@fs/Users/maks/Projects/revogrid-pro-advance/revogrid-pro/packages/pro/dist/chunks/charts.js?t=1786709011328:0
[  647192ms] [ERROR] Failed to load module script: Expected a JavaScript-or-Wasm module script but the server responded with a MIME type of "text/html". Strict MIME type checking is enforced for module scripts per HTML spec. @ http://localhost:4173/@fs/Users/maks/Projects/revogrid-pro-advance/revogrid-pro/packages/pro/dist/chunks/checkbox.js?t=1786709011349:0
[  647195ms] [ERROR] Failed to load module script: Expected a JavaScript-or-Wasm module script but the server responded with a MIME type of "text/html". Strict MIME type checking is enforced for module scripts per HTML spec. @ http://localhost:4173/@fs/Users/maks/Projects/revogrid-pro-advance/revogrid-pro/packages/pro/dist/chunks/clipboard-json.js?t=1786709011367:0
[  647196ms] [ERROR] Failed to load module script: Expected a JavaScript-or-Wasm module script but the server responded with a MIME type of "text/html". Strict MIME type checking is enforced for module scripts per HTML spec. @ http://localhost:4173/@fs/Users/maks/Projects/revogrid-pro-advance/revogrid-pro/packages/pro/dist/chunks/collaborative-presence.js?t=1786709011330:0
[  647198ms] [ERROR] Failed to load module script: Expected a JavaScript-or-Wasm module script but the server responded with a MIME type of "text/html". Strict MIME type checking is enforced for module scripts per HTML spec. @ http://localhost:4173/@fs/Users/maks/Projects/revogrid-pro-advance/revogrid-pro/packages/pro/dist/chunks/conditional-formatting.js?t=1786709011351:0
[  647200ms] [ERROR] Failed to load module script: Expected a JavaScript-or-Wasm module script but the server responded with a MIME type of "text/html". Strict MIME type checking is enforced for module scripts per HTML spec. @ http://localhost:4173/@fs/Users/maks/Projects/revogrid-pro-advance/revogrid-pro/packages/pro/dist/chunks/value-selection-dialog.js?t=1786709011361:0
[  647203ms] [ERROR] Failed to load module script: Expected a JavaScript-or-Wasm module script but the server responded with a MIME type of "text/html". Strict MIME type checking is enforced for module scripts per HTML spec. @ http://localhost:4173/@fs/Users/maks/Projects/revogrid-pro-advance/revogrid-pro/packages/pro/dist/chunks/data-grid-context-menu.js?t=1786709011313:0
[  647204ms] [ERROR] Failed to load module script: Expected a JavaScript-or-Wasm module script but the server responded with a MIME type of "text/html". Strict MIME type checking is enforced for module scripts per HTML spec. @ http://localhost:4173/@fs/Users/maks/Projects/revogrid-pro-advance/revogrid-pro/packages/pro/dist/chunks/column-autosize.js?t=1786709011363:0
[  647208ms] [ERROR] Failed to load module script: Expected a JavaScript-or-Wasm module script but the server responded with a MIME type of "text/html". Strict MIME type checking is enforced for module scripts per HTML spec. @ http://localhost:4173/@fs/Users/maks/Projects/revogrid-pro-advance/revogrid-pro/packages/pro/dist/chunks/column-group-panel.js?t=1786709011368:0
[  647209ms] [ERROR] Failed to load module script: Expected a JavaScript-or-Wasm module script but the server responded with a MIME type of "text/html". Strict MIME type checking is enforced for module scripts per HTML spec. @ http://localhost:4173/@fs/Users/maks/Projects/revogrid-pro-advance/revogrid-pro/packages/pro/dist/chunks/column-collapse.js?t=1786709011336:0
[  647211ms] [ERROR] Failed to load module script: Expected a JavaScript-or-Wasm module script but the server responded with a MIME type of "text/html". Strict MIME type checking is enforced for module scripts per HTML spec. @ http://localhost:4173/@fs/Users/maks/Projects/revogrid-pro-advance/revogrid-pro/packages/pro/dist/chunks/column-add-popup.js?t=1786709011364:0
[  647215ms] [ERROR] Failed to load module script: Expected a JavaScript-or-Wasm module script but the server responded with a MIME type of "text/html". Strict MIME type checking is enforced for module scripts per HTML spec. @ http://localhost:4173/@fs/Users/maks/Projects/revogrid-pro-advance/revogrid-pro/packages/pro/dist/chunks/color-palette.js?t=1786709011327:0
[  647217ms] [ERROR] Failed to load module script: Expected a JavaScript-or-Wasm module script but the server responded with a MIME type of "text/html". Strict MIME type checking is enforced for module scripts per HTML spec. @ http://localhost:4173/@fs/Users/maks/Projects/revogrid-pro-advance/revogrid-pro/packages/pro/dist/chunks/column-selection.js?t=1786709011338:0
[  647218ms] [ERROR] Failed to load module script: Expected a JavaScript-or-Wasm module script but the server responded with a MIME type of "text/html". Strict MIME type checking is enforced for module scripts per HTML spec. @ http://localhost:4173/@fs/Users/maks/Projects/revogrid-pro-advance/revogrid-pro/packages/pro/dist/chunks/column-stretch.js?t=1786709011317:0
[  647222ms] [ERROR] Failed to load module script: Expected a JavaScript-or-Wasm module script but the server responded with a MIME type of "text/html". Strict MIME type checking is enforced for module scripts per HTML spec. @ http://localhost:4173/@fs/Users/maks/Projects/revogrid-pro-advance/revogrid-pro/packages/pro/dist/chunks/column-type-boolean.js?t=1786709011340:0
[  647223ms] [ERROR] Failed to load module script: Expected a JavaScript-or-Wasm module script but the server responded with a MIME type of "text/html". Strict MIME type checking is enforced for module scripts per HTML spec. @ http://localhost:4173/@fs/Users/maks/Projects/revogrid-pro-advance/revogrid-pro/packages/pro/dist/chunks/column-type-progress.js?t=1786709011306:0
[  647225ms] [ERROR] Failed to load module script: Expected a JavaScript-or-Wasm module script but the server responded with a MIME type of "text/html". Strict MIME type checking is enforced for module scripts per HTML spec. @ http://localhost:4173/@fs/Users/maks/Projects/revogrid-pro-advance/revogrid-pro/packages/pro/dist/chunks/column-type-rate.js?t=1786709011341:0
[  647229ms] [ERROR] Failed to load module script: Expected a JavaScript-or-Wasm module script but the server responded with a MIME type of "text/html". Strict MIME type checking is enforced for module scripts per HTML spec. @ http://localhost:4173/@fs/Users/maks/Projects/revogrid-pro-advance/revogrid-pro/packages/pro/dist/chunks/context-menu.js?t=1786709011332:0
[  647231ms] [ERROR] Failed to load module script: Expected a JavaScript-or-Wasm module script but the server responded with a MIME type of "text/html". Strict MIME type checking is enforced for module scripts per HTML spec. @ http://localhost:4173/@fs/Users/maks/Projects/revogrid-pro-advance/revogrid-pro/packages/pro/dist/chunks/calendars.js?t=1786709011348:0
[  647232ms] [ERROR] Failed to load module script: Expected a JavaScript-or-Wasm module script but the server responded with a MIME type of "text/html". Strict MIME type checking is enforced for module scripts per HTML spec. @ http://localhost:4173/@fs/Users/maks/Projects/revogrid-pro-advance/revogrid-pro/packages/pro/dist/chunks/dates.js?t=1786709011343:0
[  647236ms] [ERROR] Failed to load module script: Expected a JavaScript-or-Wasm module script but the server responded with a MIME type of "text/html". Strict MIME type checking is enforced for module scripts per HTML spec. @ http://localhost:4173/@fs/Users/maks/Projects/revogrid-pro-advance/revogrid-pro/packages/pro/dist/chunks/planning.js?t=1786709011369:0
[  647238ms] [ERROR] Failed to load module script: Expected a JavaScript-or-Wasm module script but the server responded with a MIME type of "text/html". Strict MIME type checking is enforced for module scripts per HTML spec. @ http://localhost:4173/@fs/Users/maks/Projects/revogrid-pro-advance/revogrid-pro/packages/pro/dist/chunks/data-grid-cell-inspector.js?t=1786709011323:0
[  647239ms] [ERROR] Failed to load module script: Expected a JavaScript-or-Wasm module script but the server responded with a MIME type of "text/html". Strict MIME type checking is enforced for module scripts per HTML spec. @ http://localhost:4173/@fs/Users/maks/Projects/revogrid-pro-advance/revogrid-pro/packages/pro/dist/chunks/export-excel.js?t=1786709011320:0
[  647245ms] [ERROR] Failed to load module script: Expected a JavaScript-or-Wasm module script but the server responded with a MIME type of "text/html". Strict MIME type checking is enforced for module scripts per HTML spec. @ http://localhost:4173/@fs/Users/maks/Projects/revogrid-pro-advance/revogrid-pro/packages/pro/dist/chunks/editor-checkbox.js?t=1786709011316:0
[  647247ms] [ERROR] Failed to load module script: Expected a JavaScript-or-Wasm module script but the server responded with a MIME type of "text/html". Strict MIME type checking is enforced for module scripts per HTML spec. @ http://localhost:4173/@fs/Users/maks/Projects/revogrid-pro-advance/revogrid-pro/packages/pro/dist/chunks/editor-counter.js?t=1786709011358:0
[  647248ms] [ERROR] Failed to load module script: Expected a JavaScript-or-Wasm module script but the server responded with a MIME type of "text/html". Strict MIME type checking is enforced for module scripts per HTML spec. @ http://localhost:4173/@fs/Users/maks/Projects/revogrid-pro-advance/revogrid-pro/packages/pro/dist/chunks/editor-textarea.js?t=1786709011359:0
[  647252ms] [ERROR] Failed to load module script: Expected a JavaScript-or-Wasm module script but the server responded with a MIME type of "text/html". Strict MIME type checking is enforced for module scripts per HTML spec. @ http://localhost:4173/@fs/Users/maks/Projects/revogrid-pro-advance/revogrid-pro/packages/pro/dist/chunks/editor-row.js?t=1786709011347:0
[  647254ms] [ERROR] Failed to load module script: Expected a JavaScript-or-Wasm module script but the server responded with a MIME type of "text/html". Strict MIME type checking is enforced for module scripts per HTML spec. @ http://localhost:4173/@fs/Users/maks/Projects/revogrid-pro-advance/revogrid-pro/packages/pro/dist/chunks/editor-slider.js?t=1786709011356:0
[  647254ms] [ERROR] Failed to load module script: Expected a JavaScript-or-Wasm module script but the server responded with a MIME type of "text/html". Strict MIME type checking is enforced for module scripts per HTML spec. @ http://localhost:4173/@fs/Users/maks/Projects/revogrid-pro-advance/revogrid-pro/packages/pro/dist/chunks/editor-timeline.js?t=1786709011371:0
[  647258ms] [ERROR] Failed to load module script: Expected a JavaScript-or-Wasm module script but the server responded with a MIME type of "text/html". Strict MIME type checking is enforced for module scripts per HTML spec. @ http://localhost:4173/@fs/Users/maks/Projects/revogrid-pro-advance/revogrid-pro/packages/pro/dist/chunks/cell-link.js?t=1786709011325:0
[  647259ms] [ERROR] Failed to load module script: Expected a JavaScript-or-Wasm module script but the server responded with a MIME type of "text/html". Strict MIME type checking is enforced for module scripts per HTML spec. @ http://localhost:4173/@fs/Users/maks/Projects/revogrid-pro-advance/revogrid-pro/packages/pro/dist/chunks/filter.js?t=1786709011365:0
[  647260ms] [ERROR] Failed to load module script: Expected a JavaScript-or-Wasm module script but the server responded with a MIME type of "text/html". Strict MIME type checking is enforced for module scripts per HTML spec. @ http://localhost:4173/@fs/Users/maks/Projects/revogrid-pro-advance/revogrid-pro/packages/pro/dist/chunks/filter-header.js?t=1786709011337:0
[  647265ms] [ERROR] Failed to load module script: Expected a JavaScript-or-Wasm module script but the server responded with a MIME type of "text/html". Strict MIME type checking is enforced for module scripts per HTML spec. @ http://localhost:4173/@fs/Users/maks/Projects/revogrid-pro-advance/revogrid-pro/packages/pro/dist/chunks/formula.js?t=1786709011326:0
[  647265ms] [ERROR] Failed to load module script: Expected a JavaScript-or-Wasm module script but the server responded with a MIME type of "text/html". Strict MIME type checking is enforced for module scripts per HTML spec. @ http://localhost:4173/@fs/Users/maks/Projects/revogrid-pro-advance/revogrid-pro/packages/pro/dist/chunks/history-controls.js?t=1786709011329:0
[  647266ms] [ERROR] Failed to load module script: Expected a JavaScript-or-Wasm module script but the server responded with a MIME type of "text/html". Strict MIME type checking is enforced for module scripts per HTML spec. @ http://localhost:4173/@fs/Users/maks/Projects/revogrid-pro-advance/revogrid-pro/packages/pro/dist/chunks/info-panel.js?t=1786709011331:0
[  647268ms] [ERROR] Failed to load module script: Expected a JavaScript-or-Wasm module script but the server responded with a MIME type of "text/html". Strict MIME type checking is enforced for module scripts per HTML spec. @ http://localhost:4173/@fs/Users/maks/Projects/revogrid-pro-advance/revogrid-pro/packages/pro/dist/chunks/loader.js?t=1786709011372:0
[  647271ms] [ERROR] Failed to load module script: Expected a JavaScript-or-Wasm module script but the server responded with a MIME type of "text/html". Strict MIME type checking is enforced for module scripts per HTML spec. @ http://localhost:4173/@fs/Users/maks/Projects/revogrid-pro-advance/revogrid-pro/packages/pro/dist/chunks/multi-column.js?t=1786709011335:0
[  647271ms] [ERROR] Failed to load module script: Expected a JavaScript-or-Wasm module script but the server responded with a MIME type of "text/html". Strict MIME type checking is enforced for module scripts per HTML spec. @ http://localhost:4173/@fs/Users/maks/Projects/revogrid-pro-advance/revogrid-pro/packages/pro/dist/chunks/multi-row-header.js?t=1786709011321:0
[  647278ms] [ERROR] Failed to load module script: Expected a JavaScript-or-Wasm module script but the server responded with a MIME type of "text/html". Strict MIME type checking is enforced for module scripts per HTML spec. @ http://localhost:4173/@fs/Users/maks/Projects/revogrid-pro-advance/revogrid-pro/packages/pro/dist/chunks/overlay.js?t=1786709011324:0
[  647278ms] [ERROR] Failed to load module script: Expected a JavaScript-or-Wasm module script but the server responded with a MIME type of "text/html". Strict MIME type checking is enforced for module scripts per HTML spec. @ http://localhost:4173/@fs/Users/maks/Projects/revogrid-pro-advance/revogrid-pro/packages/pro/dist/chunks/pagination.js?t=1786709011342:0
[  647279ms] [ERROR] Failed to load module script: Expected a JavaScript-or-Wasm module script but the server responded with a MIME type of "text/html". Strict MIME type checking is enforced for module scripts per HTML spec. @ http://localhost:4173/@fs/Users/maks/Projects/revogrid-pro-advance/revogrid-pro/packages/pro/dist/chunks/row-autosize.js?t=1786709011310:0
[  647284ms] [ERROR] Failed to load module script: Expected a JavaScript-or-Wasm module script but the server responded with a MIME type of "text/html". Strict MIME type checking is enforced for module scripts per HTML spec. @ http://localhost:4173/@fs/Users/maks/Projects/revogrid-pro-advance/revogrid-pro/packages/pro/dist/chunks/row-master.js?t=1786709011362:0
[  647285ms] [ERROR] Failed to load module script: Expected a JavaScript-or-Wasm module script but the server responded with a MIME type of "text/html". Strict MIME type checking is enforced for module scripts per HTML spec. @ http://localhost:4173/@fs/Users/maks/Projects/revogrid-pro-advance/revogrid-pro/packages/pro/dist/chunks/row-expand.js?t=1786709011350:0
[  647286ms] [ERROR] Failed to load module script: Expected a JavaScript-or-Wasm module script but the server responded with a MIME type of "text/html". Strict MIME type checking is enforced for module scripts per HTML spec. @ http://localhost:4173/@fs/Users/maks/Projects/revogrid-pro-advance/revogrid-pro/packages/pro/dist/chunks/resource-picker.js?t=1786709011322:0
[  647289ms] [ERROR] Failed to load module script: Expected a JavaScript-or-Wasm module script but the server responded with a MIME type of "text/html". Strict MIME type checking is enforced for module scripts per HTML spec. @ http://localhost:4173/@fs/Users/maks/Projects/revogrid-pro-advance/revogrid-pro/packages/pro/dist/chunks/row-odd.js?t=1786709011339:0
[  647291ms] [ERROR] Failed to load module script: Expected a JavaScript-or-Wasm module script but the server responded with a MIME type of "text/html". Strict MIME type checking is enforced for module scripts per HTML spec. @ http://localhost:4173/@fs/Users/maks/Projects/revogrid-pro-advance/revogrid-pro/packages/pro/dist/chunks/row-status.js?t=1786709011353:0
[  647292ms] [ERROR] Failed to load module script: Expected a JavaScript-or-Wasm module script but the server responded with a MIME type of "text/html". Strict MIME type checking is enforced for module scripts per HTML spec. @ http://localhost:4173/@fs/Users/maks/Projects/revogrid-pro-advance/revogrid-pro/packages/pro/dist/chunks/row-transpose.js?t=1786709011344:0
[  647296ms] [ERROR] Failed to load module script: Expected a JavaScript-or-Wasm module script but the server responded with a MIME type of "text/html". Strict MIME type checking is enforced for module scripts per HTML spec. @ http://localhost:4173/@fs/Users/maks/Projects/revogrid-pro-advance/revogrid-pro/packages/pro/dist/chunks/row-z-index.js?t=1786709011354:0
[  647296ms] [ERROR] Failed to load module script: Expected a JavaScript-or-Wasm module script but the server responded with a MIME type of "text/html". Strict MIME type checking is enforced for module scripts per HTML spec. @ http://localhost:4173/@fs/Users/maks/Projects/revogrid-pro-advance/revogrid-pro/packages/pro/dist/chunks/range-copy-preview.js?t=1786709011370:0
[  647297ms] [ERROR] Failed to load module script: Expected a JavaScript-or-Wasm module script but the server responded with a MIME type of "text/html". Strict MIME type checking is enforced for module scripts per HTML spec. @ http://localhost:4173/@fs/Users/maks/Projects/revogrid-pro-advance/revogrid-pro/packages/pro/dist/chunks/range-selection-limit.js?t=1786709011366:0
[  647301ms] [ERROR] Failed to load module script: Expected a JavaScript-or-Wasm module script but the server responded with a MIME type of "text/html". Strict MIME type checking is enforced for module scripts per HTML spec. @ http://localhost:4173/@fs/Users/maks/Projects/revogrid-pro-advance/revogrid-pro/packages/pro/dist/chunks/same-value-merge.js?t=1786709011355:0
[  647301ms] [ERROR] Failed to load module script: Expected a JavaScript-or-Wasm module script but the server responded with a MIME type of "text/html". Strict MIME type checking is enforced for module scripts per HTML spec. @ http://localhost:4173/@fs/Users/maks/Projects/revogrid-pro-advance/revogrid-pro/packages/pro/dist/chunks/summary-header.js?t=1786709011345:0
[  647302ms] [ERROR] Failed to load module script: Expected a JavaScript-or-Wasm module script but the server responded with a MIME type of "text/html". Strict MIME type checking is enforced for module scripts per HTML spec. @ http://localhost:4173/@fs/Users/maks/Projects/revogrid-pro-advance/revogrid-pro/packages/pro/dist/chunks/grouping.js?t=1786709011312:0
[  647304ms] [ERROR] [vite] Failed to reload /.vitepress/theme/home-v2/HomeCapabilities.vue. This could be due to syntax errors or importing non-existent modules. (see errors above) @ http://localhost:4173/@vite/client:524
[  647307ms] [ERROR] Failed to load module script: Expected a JavaScript-or-Wasm module script but the server responded with a MIME type of "text/html". Strict MIME type checking is enforced for module scripts per HTML spec. @ http://localhost:4173/@fs/Users/maks/Projects/revogrid-pro-advance/revogrid-pro/packages/pro/dist/chunks/wcag.js?t=1786709011334:0
[  647308ms] [ERROR] Failed to load module script: Expected a JavaScript-or-Wasm module script but the server responded with a MIME type of "text/html". Strict MIME type checking is enforced for module scripts per HTML spec. @ http://localhost:4173/@fs/Users/maks/Projects/revogrid-pro-advance/revogrid-pro/packages/pro/dist/chunks/column-move-with-groups.js?t=1786709011357:0
[  647313ms] [ERROR] [vite] Failed to reload /.vitepress/theme/home-v2/HomeCapabilities.vue. This could be due to syntax errors or importing non-existent modules. (see errors above) @ http://localhost:4173/@vite/client:524
[  647316ms] [ERROR] [vite] Failed to reload /.vitepress/theme/home-v2/HomeCapabilities.vue. This could be due to syntax errors or importing non-existent modules. (see errors above) @ http://localhost:4173/@vite/client:524
[  647324ms] [ERROR] [vite] Failed to reload /.vitepress/theme/home-v2/HomeCapabilities.vue. This could be due to syntax errors or importing non-existent modules. (see errors above) @ http://localhost:4173/@vite/client:524
[  647327ms] [ERROR] [vite] Failed to reload /.vitepress/theme/home-v2/HomeCapabilities.vue. This could be due to syntax errors or importing non-existent modules. (see errors above) @ http://localhost:4173/@vite/client:524
[  647333ms] [ERROR] [vite] Failed to reload /.vitepress/theme/home-v2/HomeCapabilities.vue. This could be due to syntax errors or importing non-existent modules. (see errors above) @ http://localhost:4173/@vite/client:524
[  647336ms] [ERROR] [vite] Failed to reload /.vitepress/theme/home-v2/HomeCapabilities.vue. This could be due to syntax errors or importing non-existent modules. (see errors above) @ http://localhost:4173/@vite/client:524
[  647340ms] [ERROR] [vite] Failed to reload /.vitepress/theme/home-v2/HomeCapabilities.vue. This could be due to syntax errors or importing non-existent modules. (see errors above) @ http://localhost:4173/@vite/client:524
[  647344ms] [ERROR] [vite] Failed to reload /.vitepress/theme/home-v2/HomeCapabilities.vue. This could be due to syntax errors or importing non-existent modules. (see errors above) @ http://localhost:4173/@vite/client:524
[  647350ms] [ERROR] [vite] Failed to reload /.vitepress/theme/home-v2/HomeCapabilities.vue. This could be due to syntax errors or importing non-existent modules. (see errors above) @ http://localhost:4173/@vite/client:524
[  647353ms] [ERROR] [vite] Failed to reload /.vitepress/theme/home-v2/HomeCapabilities.vue. This could be due to syntax errors or importing non-existent modules. (see errors above) @ http://localhost:4173/@vite/client:524
[  647357ms] [ERROR] [vite] Failed to reload /.vitepress/theme/home-v2/HomeCapabilities.vue. This could be due to syntax errors or importing non-existent modules. (see errors above) @ http://localhost:4173/@vite/client:524
[  647362ms] [ERROR] [vite] Failed to reload /.vitepress/theme/home-v2/HomeCapabilities.vue. This could be due to syntax errors or importing non-existent modules. (see errors above) @ http://localhost:4173/@vite/client:524
[  647367ms] [ERROR] [vite] Failed to reload /.vitepress/theme/home-v2/HomeCapabilities.vue. This could be due to syntax errors or importing non-existent modules. (see errors above) @ http://localhost:4173/@vite/client:524
[  647373ms] [ERROR] [vite] Failed to reload /.vitepress/theme/home-v2/HomeCapabilities.vue. This could be due to syntax errors or importing non-existent modules. (see errors above) @ http://localhost:4173/@vite/client:524
[  647378ms] [ERROR] [vite] Failed to reload /.vitepress/theme/home-v2/HomeCapabilities.vue. This could be due to syntax errors or importing non-existent modules. (see errors above) @ http://localhost:4173/@vite/client:524
[  647382ms] [ERROR] [vite] Failed to reload /.vitepress/theme/home-v2/HomeCapabilities.vue. This could be due to syntax errors or importing non-existent modules. (see errors above) @ http://localhost:4173/@vite/client:524
[  647384ms] [ERROR] [vite] Failed to reload /.vitepress/theme/home-v2/HomeCapabilities.vue. This could be due to syntax errors or importing non-existent modules. (see errors above) @ http://localhost:4173/@vite/client:524
[  647388ms] [ERROR] [vite] Failed to reload /.vitepress/theme/home-v2/HomeCapabilities.vue. This could be due to syntax errors or importing non-existent modules. (see errors above) @ http://localhost:4173/@vite/client:524
[  647395ms] [ERROR] [vite] Failed to reload /.vitepress/theme/home-v2/HomeCapabilities.vue. This could be due to syntax errors or importing non-existent modules. (see errors above) @ http://localhost:4173/@vite/client:524
[  647398ms] [ERROR] [vite] Failed to reload /.vitepress/theme/home-v2/HomeCapabilities.vue. This could be due to syntax errors or importing non-existent modules. (see errors above) @ http://localhost:4173/@vite/client:524
[  647402ms] [ERROR] [vite] Failed to reload /.vitepress/theme/home-v2/HomeCapabilities.vue. This could be due to syntax errors or importing non-existent modules. (see errors above) @ http://localhost:4173/@vite/client:524
[  647405ms] [ERROR] [vite] Failed to reload /.vitepress/theme/home-v2/HomeCapabilities.vue. This could be due to syntax errors or importing non-existent modules. (see errors above) @ http://localhost:4173/@vite/client:524
[  647410ms] [ERROR] [vite] Failed to reload /.vitepress/theme/home-v2/HomeCapabilities.vue. This could be due to syntax errors or importing non-existent modules. (see errors above) @ http://localhost:4173/@vite/client:524
[  647415ms] [ERROR] [vite] Failed to reload /.vitepress/theme/home-v2/HomeCapabilities.vue. This could be due to syntax errors or importing non-existent modules. (see errors above) @ http://localhost:4173/@vite/client:524
[  647421ms] [ERROR] [vite] Failed to reload /.vitepress/theme/home-v2/HomeCapabilities.vue. This could be due to syntax errors or importing non-existent modules. (see errors above) @ http://localhost:4173/@vite/client:524
[  647428ms] [ERROR] [vite] Failed to reload /.vitepress/theme/home-v2/HomeCapabilities.vue. This could be due to syntax errors or importing non-existent modules. (see errors above) @ http://localhost:4173/@vite/client:524
[  647432ms] [ERROR] [vite] Failed to reload /.vitepress/theme/home-v2/HomeCapabilities.vue. This could be due to syntax errors or importing non-existent modules. (see errors above) @ http://localhost:4173/@vite/client:524
[  647439ms] [ERROR] [vite] Failed to reload /.vitepress/theme/home-v2/HomeCapabilities.vue. This could be due to syntax errors or importing non-existent modules. (see errors above) @ http://localhost:4173/@vite/client:524
[  647449ms] [ERROR] [vite] Failed to reload /.vitepress/theme/home-v2/HomeCapabilities.vue. This could be due to syntax errors or importing non-existent modules. (see errors above) @ http://localhost:4173/@vite/client:524
[  647453ms] [ERROR] [vite] Failed to reload /.vitepress/theme/home-v2/HomeCapabilities.vue. This could be due to syntax errors or importing non-existent modules. (see errors above) @ http://localhost:4173/@vite/client:524
[  647458ms] [ERROR] [vite] Failed to reload /.vitepress/theme/home-v2/HomeCapabilities.vue. This could be due to syntax errors or importing non-existent modules. (see errors above) @ http://localhost:4173/@vite/client:524
[  647463ms] [ERROR] [vite] Failed to reload /.vitepress/theme/home-v2/HomeCapabilities.vue. This could be due to syntax errors or importing non-existent modules. (see errors above) @ http://localhost:4173/@vite/client:524
[  647467ms] [ERROR] [vite] Failed to reload /.vitepress/theme/home-v2/HomeCapabilities.vue. This could be due to syntax errors or importing non-existent modules. (see errors above) @ http://localhost:4173/@vite/client:524
[  647471ms] [ERROR] [vite] Failed to reload /.vitepress/theme/home-v2/HomeCapabilities.vue. This could be due to syntax errors or importing non-existent modules. (see errors above) @ http://localhost:4173/@vite/client:524
[  647475ms] [ERROR] [vite] Failed to reload /.vitepress/theme/home-v2/HomeCapabilities.vue. This could be due to syntax errors or importing non-existent modules. (see errors above) @ http://localhost:4173/@vite/client:524
[  647478ms] [ERROR] [vite] Failed to reload /.vitepress/theme/home-v2/HomeCapabilities.vue. This could be due to syntax errors or importing non-existent modules. (see errors above) @ http://localhost:4173/@vite/client:524
[  647482ms] [ERROR] [vite] Failed to reload /.vitepress/theme/home-v2/HomeCapabilities.vue. This could be due to syntax errors or importing non-existent modules. (see errors above) @ http://localhost:4173/@vite/client:524
[  647486ms] [ERROR] [vite] Failed to reload /.vitepress/theme/home-v2/HomeCapabilities.vue. This could be due to syntax errors or importing non-existent modules. (see errors above) @ http://localhost:4173/@vite/client:524
[  647494ms] [ERROR] [vite] Failed to reload /.vitepress/theme/home-v2/HomeCapabilities.vue. This could be due to syntax errors or importing non-existent modules. (see errors above) @ http://localhost:4173/@vite/client:524
[  647498ms] [ERROR] [vite] Failed to reload /.vitepress/theme/home-v2/HomeCapabilities.vue. This could be due to syntax errors or importing non-existent modules. (see errors above) @ http://localhost:4173/@vite/client:524
[  647501ms] [ERROR] [vite] Failed to reload /.vitepress/theme/home-v2/HomeCapabilities.vue. This could be due to syntax errors or importing non-existent modules. (see errors above) @ http://localhost:4173/@vite/client:524
[  647506ms] [ERROR] [vite] Failed to reload /.vitepress/theme/home-v2/HomeCapabilities.vue. This could be due to syntax errors or importing non-existent modules. (see errors above) @ http://localhost:4173/@vite/client:524
[  647510ms] [ERROR] [vite] Failed to reload /.vitepress/theme/home-v2/HomeCapabilities.vue. This could be due to syntax errors or importing non-existent modules. (see errors above) @ http://localhost:4173/@vite/client:524
[  647513ms] [ERROR] [vite] Failed to reload /.vitepress/theme/home-v2/HomeCapabilities.vue. This could be due to syntax errors or importing non-existent modules. (see errors above) @ http://localhost:4173/@vite/client:524
[  647517ms] [ERROR] [vite] Failed to reload /.vitepress/theme/home-v2/HomeCapabilities.vue. This could be due to syntax errors or importing non-existent modules. (see errors above) @ http://localhost:4173/@vite/client:524
[  647520ms] [ERROR] [vite] Failed to reload /.vitepress/theme/home-v2/HomeCapabilities.vue. This could be due to syntax errors or importing non-existent modules. (see errors above) @ http://localhost:4173/@vite/client:524
[  647524ms] [ERROR] [vite] Failed to reload /.vitepress/theme/home-v2/HomeCapabilities.vue. This could be due to syntax errors or importing non-existent modules. (see errors above) @ http://localhost:4173/@vite/client:524
[  647528ms] [ERROR] [vite] Failed to reload /.vitepress/theme/home-v2/HomeCapabilities.vue. This could be due to syntax errors or importing non-existent modules. (see errors above) @ http://localhost:4173/@vite/client:524
[  647533ms] [ERROR] [vite] Failed to reload /.vitepress/theme/home-v2/HomeCapabilities.vue. This could be due to syntax errors or importing non-existent modules. (see errors above) @ http://localhost:4173/@vite/client:524
[  647536ms] [ERROR] [vite] Failed to reload /.vitepress/theme/home-v2/HomeCapabilities.vue. This could be due to syntax errors or importing non-existent modules. (see errors above) @ http://localhost:4173/@vite/client:524
[  647540ms] [ERROR] [vite] Failed to reload /.vitepress/theme/home-v2/HomeCapabilities.vue. This could be due to syntax errors or importing non-existent modules. (see errors above) @ http://localhost:4173/@vite/client:524
[  647543ms] [ERROR] [vite] Failed to reload /.vitepress/theme/home-v2/HomeCapabilities.vue. This could be due to syntax errors or importing non-existent modules. (see errors above) @ http://localhost:4173/@vite/client:524
[  647547ms] [ERROR] [vite] Failed to reload /.vitepress/theme/home-v2/HomeCapabilities.vue. This could be due to syntax errors or importing non-existent modules. (see errors above) @ http://localhost:4173/@vite/client:524
[  647552ms] [ERROR] [vite] Failed to reload /.vitepress/theme/home-v2/HomeCapabilities.vue. This could be due to syntax errors or importing non-existent modules. (see errors above) @ http://localhost:4173/@vite/client:524
[  647556ms] [ERROR] [vite] Failed to reload /.vitepress/theme/home-v2/HomeCapabilities.vue. This could be due to syntax errors or importing non-existent modules. (see errors above) @ http://localhost:4173/@vite/client:524
[  647559ms] [ERROR] [vite] Failed to reload /.vitepress/theme/home-v2/HomeCapabilities.vue. This could be due to syntax errors or importing non-existent modules. (see errors above) @ http://localhost:4173/@vite/client:524
[  647561ms] [ERROR] [vite] Failed to reload /.vitepress/theme/home-v2/HomeCapabilities.vue. This could be due to syntax errors or importing non-existent modules. (see errors above) @ http://localhost:4173/@vite/client:524
[  647565ms] [ERROR] [vite] Failed to reload /.vitepress/theme/home-v2/HomeCapabilities.vue. This could be due to syntax errors or importing non-existent modules. (see errors above) @ http://localhost:4173/@vite/client:524
[  647569ms] [ERROR] [vite] Failed to reload /.vitepress/theme/home-v2/HomeCapabilities.vue. This could be due to syntax errors or importing non-existent modules. (see errors above) @ http://localhost:4173/@vite/client:524
[  647573ms] [ERROR] [vite] Failed to reload /.vitepress/theme/home-v2/HomeCapabilities.vue. This could be due to syntax errors or importing non-existent modules. (see errors above) @ http://localhost:4173/@vite/client:524
[  647577ms] [ERROR] [vite] Failed to reload /.vitepress/theme/home-v2/HomeCapabilities.vue. This could be due to syntax errors or importing non-existent modules. (see errors above) @ http://localhost:4173/@vite/client:524
[  647582ms] [ERROR] [vite] Failed to reload /.vitepress/theme/home-v2/HomeCapabilities.vue. This could be due to syntax errors or importing non-existent modules. (see errors above) @ http://localhost:4173/@vite/client:524
[  647585ms] [ERROR] [vite] Failed to reload /.vitepress/theme/home-v2/HomeCapabilities.vue. This could be due to syntax errors or importing non-existent modules. (see errors above) @ http://localhost:4173/@vite/client:524
[  651973ms] [WARNING] [Vue warn] Set operation on key "nav" failed: target is readonly. {logo: Object, outline: Array(2), socialLinks: Array(1), footer: Object, editLink: Object} @ http://localhost:4173/@vite/client:524
[  652291ms] Uncaught Error: Looks like your website URL has changed. To ensure the proper functioning of your banner, update the registered URL on your CookieYes account (navigate to the Organizations & Sites page (https://app.cookieyes.com/settings/organizations-and-sites) and click the More button associated with your site). Then, reload this page to retry. If the issue persists, please contact us at https://www.cookieyes.com/support.
    at <anonymous> (https://cdn-cookieyes.com/client_data/77fa2aeccc90021ffe8b8f49/script.js:0:89070)
    at <anonymous> (https://cdn-cookieyes.com/client_data/77fa2aeccc90021ffe8b8f49/script.js:0:98790)
    at <anonymous> (https://cdn-cookieyes.com/client_data/77fa2aeccc90021ffe8b8f49/script.js:0:98793)
[ 1170449ms] [LOG] [vite] server connection lost. Polling for restart... @ http://localhost:4173/@vite/client:992
[ 1196428ms] [WARNING] [Vue warn] Set operation on key "nav" failed: target is readonly. {logo: Object, outline: Array(2), socialLinks: Array(1), footer: Object, editLink: Object} @ http://localhost:4173/@vite/client:524
[ 1196966ms] Uncaught Error: Looks like your website URL has changed. To ensure the proper functioning of your banner, update the registered URL on your CookieYes account (navigate to the Organizations & Sites page (https://app.cookieyes.com/settings/organizations-and-sites) and click the More button associated with your site). Then, reload this page to retry. If the issue persists, please contact us at https://www.cookieyes.com/support.
    at <anonymous> (https://cdn-cookieyes.com/client_data/77fa2aeccc90021ffe8b8f49/script.js:0:89070)
    at <anonymous> (https://cdn-cookieyes.com/client_data/77fa2aeccc90021ffe8b8f49/script.js:0:98790)
    at <anonymous> (https://cdn-cookieyes.com/client_data/77fa2aeccc90021ffe8b8f49/script.js:0:98793)
[ 2011605ms] [WARNING] [Vue warn] Set operation on key "nav" failed: target is readonly. {logo: Object, outline: Array(2), socialLinks: Array(1), footer: Object, editLink: Object} @ http://localhost:4173/@vite/client:524
[ 2472059ms] TypeError: filterFunc is not a function
    at FilterPlugin.shouldTrimRow (http://localhost:4173/.vitepress/cache/deps/column.drag.plugin-DKgC_0I1-DDvuKr7b.js?v=dc598411:1405:29)
    at FilterPlugin.getRowFilter (http://localhost:4173/.vitepress/cache/deps/column.drag.plugin-DKgC_0I1-DDvuKr7b.js?v=dc598411:1391:100)
    at FilterPlugin.doFiltering (http://localhost:4173/.vitepress/cache/deps/column.drag.plugin-DKgC_0I1-DDvuKr7b.js?v=dc598411:1343:28)
    at FilterPlugin.runFiltering (http://localhost:4173/.vitepress/cache/deps/column.drag.plugin-DKgC_0I1-DDvuKr7b.js?v=dc598411:1383:8)
    at HostElement.aftersourceset (http://localhost:4173/.vitepress/cache/deps/column.drag.plugin-DKgC_0I1-DDvuKr7b.js?v=dc598411:1190:15)
[ 2472075ms] TypeError: filterFunc is not a function
    at FilterPlugin.shouldTrimRow (http://localhost:4173/.vitepress/cache/deps/column.drag.plugin-DKgC_0I1-DDvuKr7b.js?v=dc598411:1405:29)
    at FilterPlugin.getRowFilter (http://localhost:4173/.vitepress/cache/deps/column.drag.plugin-DKgC_0I1-DDvuKr7b.js?v=dc598411:1391:100)
    at FilterPlugin.doFiltering (http://localhost:4173/.vitepress/cache/deps/column.drag.plugin-DKgC_0I1-DDvuKr7b.js?v=dc598411:1343:28)
    at FilterPlugin.runFiltering (http://localhost:4173/.vitepress/cache/deps/column.drag.plugin-DKgC_0I1-DDvuKr7b.js?v=dc598411:1383:8)
    at aftersourceset (http://localhost:4173/.vitepress/cache/deps/column.drag.plugin-DKgC_0I1-DDvuKr7b.js?v=dc598411:1190:15)
[ 2472075ms] TypeError: filterFunc is not a function
    at Nr.shouldTrimRow (http://localhost:4173/.vitepress/cache/deps/column.drag.plugin-DKgC_0I1-Dgx01Fwp.js?v=dc598411:1405:29)
    at Nr.getRowFilter (http://localhost:4173/.vitepress/cache/deps/column.drag.plugin-DKgC_0I1-Dgx01Fwp.js?v=dc598411:1391:100)
    at Nr.getRowFilter (http://localhost:4173/@fs/Users/maks/Projects/revogrid-pro-advance/revogrid-pro/packages/pro/dist/chunks/filter.js:2643:17)
    at Nr.doFiltering (http://localhost:4173/.vitepress/cache/deps/column.drag.plugin-DKgC_0I1-Dgx01Fwp.js?v=dc598411:1343:28)
    at Nr.doFiltering (http://localhost:4173/@fs/Users/maks/Projects/revogrid-pro-advance/revogrid-pro/packages/pro/dist/chunks/filter.js:2713:15)
    at Nr.runFiltering (http://localhost:4173/.vitepress/cache/deps/column.drag.plugin-DKgC_0I1-Dgx01Fwp.js?v=dc598411:1383:8)
    at Nr.runFiltering (http://localhost:4173/@fs/Users/maks/Projects/revogrid-pro-advance/revogrid-pro/packages/pro/dist/chunks/filter.js:2636:17)
    at aftersourceset (http://localhost:4173/.vitepress/cache/deps/column.drag.plugin-DKgC_0I1-Dgx01Fwp.js?v=dc598411:1190:15)
[ 2638685ms] TypeError: filterFunc is not a function
    at FilterPlugin.shouldTrimRow (http://localhost:4173/.vitepress/cache/deps/column.drag.plugin-DKgC_0I1-DDvuKr7b.js?v=dc598411:1405:29)
    at FilterPlugin.getRowFilter (http://localhost:4173/.vitepress/cache/deps/column.drag.plugin-DKgC_0I1-DDvuKr7b.js?v=dc598411:1391:100)
    at FilterPlugin.doFiltering (http://localhost:4173/.vitepress/cache/deps/column.drag.plugin-DKgC_0I1-DDvuKr7b.js?v=dc598411:1343:28)
    at FilterPlugin.runFiltering (http://localhost:4173/.vitepress/cache/deps/column.drag.plugin-DKgC_0I1-DDvuKr7b.js?v=dc598411:1383:8)
    at HostElement.aftersourceset (http://localhost:4173/.vitepress/cache/deps/column.drag.plugin-DKgC_0I1-DDvuKr7b.js?v=dc598411:1190:15)
[ 2638693ms] TypeError: filterFunc is not a function
    at FilterPlugin.shouldTrimRow (http://localhost:4173/.vitepress/cache/deps/column.drag.plugin-DKgC_0I1-DDvuKr7b.js?v=dc598411:1405:29)
    at FilterPlugin.getRowFilter (http://localhost:4173/.vitepress/cache/deps/column.drag.plugin-DKgC_0I1-DDvuKr7b.js?v=dc598411:1391:100)
    at FilterPlugin.doFiltering (http://localhost:4173/.vitepress/cache/deps/column.drag.plugin-DKgC_0I1-DDvuKr7b.js?v=dc598411:1343:28)
    at FilterPlugin.runFiltering (http://localhost:4173/.vitepress/cache/deps/column.drag.plugin-DKgC_0I1-DDvuKr7b.js?v=dc598411:1383:8)
    at aftersourceset (http://localhost:4173/.vitepress/cache/deps/column.drag.plugin-DKgC_0I1-DDvuKr7b.js?v=dc598411:1190:15)
[ 2638693ms] TypeError: filterFunc is not a function
    at Nr.shouldTrimRow (http://localhost:4173/.vitepress/cache/deps/column.drag.plugin-DKgC_0I1-Dgx01Fwp.js?v=dc598411:1405:29)
    at Nr.getRowFilter (http://localhost:4173/.vitepress/cache/deps/column.drag.plugin-DKgC_0I1-Dgx01Fwp.js?v=dc598411:1391:100)
    at Nr.getRowFilter (http://localhost:4173/@fs/Users/maks/Projects/revogrid-pro-advance/revogrid-pro/packages/pro/dist/chunks/filter.js:2643:17)
    at Nr.doFiltering (http://localhost:4173/.vitepress/cache/deps/column.drag.plugin-DKgC_0I1-Dgx01Fwp.js?v=dc598411:1343:28)
    at Nr.doFiltering (http://localhost:4173/@fs/Users/maks/Projects/revogrid-pro-advance/revogrid-pro/packages/pro/dist/chunks/filter.js:2713:15)
    at Nr.runFiltering (http://localhost:4173/.vitepress/cache/deps/column.drag.plugin-DKgC_0I1-Dgx01Fwp.js?v=dc598411:1383:8)
    at Nr.runFiltering (http://localhost:4173/@fs/Users/maks/Projects/revogrid-pro-advance/revogrid-pro/packages/pro/dist/chunks/filter.js:2636:17)
    at aftersourceset (http://localhost:4173/.vitepress/cache/deps/column.drag.plugin-DKgC_0I1-Dgx01Fwp.js?v=dc598411:1190:15)
[ 2647429ms] TypeError: filterFunc is not a function
    at Nr.shouldTrimRow (http://localhost:4173/.vitepress/cache/deps/column.drag.plugin-DKgC_0I1-Dgx01Fwp.js?v=dc598411:1405:29)
    at Nr.getRowFilter (http://localhost:4173/.vitepress/cache/deps/column.drag.plugin-DKgC_0I1-Dgx01Fwp.js?v=dc598411:1391:100)
    at Nr.getRowFilter (http://localhost:4173/@fs/Users/maks/Projects/revogrid-pro-advance/revogrid-pro/packages/pro/dist/chunks/filter.js:2643:17)
    at en (http://localhost:4173/@fs/Users/maks/Projects/revogrid-pro-advance/revogrid-pro/packages/pro/dist/chunks/filter.js:1752:102)
    at Nr.getContextAwareSelectionList (http://localhost:4173/@fs/Users/maks/Projects/revogrid-pro-advance/revogrid-pro/packages/pro/dist/chunks/filter.js:2722:10)
    at qt.getItems (http://localhost:4173/@fs/Users/maks/Projects/revogrid-pro-advance/revogrid-pro/packages/pro/dist/chunks/filter.js:2688:111)
    at http://localhost:4173/@fs/Users/maks/Projects/revogrid-pro-advance/revogrid-pro/packages/pro/dist/chunks/filter.js:317:21
    at Object.__ (http://localhost:4173/@fs/Users/maks/Projects/revogrid-pro-advance/revogrid-pro/packages/pro/dist/chunks/filter.js:319:5)
    at Wn (http://localhost:4173/@fs/Users/maks/Projects/revogrid-pro-advance/revogrid-pro/packages/pro/dist/chunks/audit-history.js:671:12)
    at Array.some (<anonymous>)
[ 2729344ms] TypeError: filterFunc is not a function
    at FilterPlugin.shouldTrimRow (http://localhost:4173/.vitepress/cache/deps/column.drag.plugin-DKgC_0I1-DDvuKr7b.js?v=dc598411:1405:29)
    at FilterPlugin.getRowFilter (http://localhost:4173/.vitepress/cache/deps/column.drag.plugin-DKgC_0I1-DDvuKr7b.js?v=dc598411:1391:100)
    at FilterPlugin.doFiltering (http://localhost:4173/.vitepress/cache/deps/column.drag.plugin-DKgC_0I1-DDvuKr7b.js?v=dc598411:1343:28)
    at FilterPlugin.runFiltering (http://localhost:4173/.vitepress/cache/deps/column.drag.plugin-DKgC_0I1-DDvuKr7b.js?v=dc598411:1383:8)
    at HostElement.aftersourceset (http://localhost:4173/.vitepress/cache/deps/column.drag.plugin-DKgC_0I1-DDvuKr7b.js?v=dc598411:1190:15)
[ 2729347ms] TypeError: filterFunc is not a function
    at FilterPlugin.shouldTrimRow (http://localhost:4173/.vitepress/cache/deps/column.drag.plugin-DKgC_0I1-DDvuKr7b.js?v=dc598411:1405:29)
    at FilterPlugin.getRowFilter (http://localhost:4173/.vitepress/cache/deps/column.drag.plugin-DKgC_0I1-DDvuKr7b.js?v=dc598411:1391:100)
    at FilterPlugin.doFiltering (http://localhost:4173/.vitepress/cache/deps/column.drag.plugin-DKgC_0I1-DDvuKr7b.js?v=dc598411:1343:28)
    at FilterPlugin.runFiltering (http://localhost:4173/.vitepress/cache/deps/column.drag.plugin-DKgC_0I1-DDvuKr7b.js?v=dc598411:1383:8)
    at aftersourceset (http://localhost:4173/.vitepress/cache/deps/column.drag.plugin-DKgC_0I1-DDvuKr7b.js?v=dc598411:1190:15)
[ 2729348ms] TypeError: filterFunc is not a function
    at Nr.shouldTrimRow (http://localhost:4173/.vitepress/cache/deps/column.drag.plugin-DKgC_0I1-Dgx01Fwp.js?v=dc598411:1405:29)
    at Nr.getRowFilter (http://localhost:4173/.vitepress/cache/deps/column.drag.plugin-DKgC_0I1-Dgx01Fwp.js?v=dc598411:1391:100)
    at Nr.getRowFilter (http://localhost:4173/@fs/Users/maks/Projects/revogrid-pro-advance/revogrid-pro/packages/pro/dist/chunks/filter.js:2643:17)
    at Nr.doFiltering (http://localhost:4173/.vitepress/cache/deps/column.drag.plugin-DKgC_0I1-Dgx01Fwp.js?v=dc598411:1343:28)
    at Nr.doFiltering (http://localhost:4173/@fs/Users/maks/Projects/revogrid-pro-advance/revogrid-pro/packages/pro/dist/chunks/filter.js:2713:15)
    at Nr.runFiltering (http://localhost:4173/.vitepress/cache/deps/column.drag.plugin-DKgC_0I1-Dgx01Fwp.js?v=dc598411:1383:8)
    at Nr.runFiltering (http://localhost:4173/@fs/Users/maks/Projects/revogrid-pro-advance/revogrid-pro/packages/pro/dist/chunks/filter.js:2636:17)
    at aftersourceset (http://localhost:4173/.vitepress/cache/deps/column.drag.plugin-DKgC_0I1-Dgx01Fwp.js?v=dc598411:1190:15)
[ 2991462ms] [WARNING] [Vue warn] Set operation on key "nav" failed: target is readonly. {logo: Object, outline: Array(2), socialLinks: Array(1), footer: Object, editLink: Object} @ http://localhost:4173/@vite/client:524
[ 3350286ms] [WARNING] [Vue warn] Set operation on key "nav" failed: target is readonly. {logo: Object, outline: Array(2), socialLinks: Array(1), footer: Object, editLink: Object} @ http://localhost:4173/@vite/client:524
[ 3350987ms] Uncaught Error: Looks like your website URL has changed. To ensure the proper functioning of your banner, update the registered URL on your CookieYes account (navigate to the Organizations & Sites page (https://app.cookieyes.com/settings/organizations-and-sites) and click the More button associated with your site). Then, reload this page to retry. If the issue persists, please contact us at https://www.cookieyes.com/support.
    at <anonymous> (https://cdn-cookieyes.com/client_data/77fa2aeccc90021ffe8b8f49/script.js:0:89070)
    at <anonymous> (https://cdn-cookieyes.com/client_data/77fa2aeccc90021ffe8b8f49/script.js:0:98790)
    at <anonymous> (https://cdn-cookieyes.com/client_data/77fa2aeccc90021ffe8b8f49/script.js:0:98793)
[ 4058395ms] [WARNING] Defining revo-dropdown element for select column editor. If you are using a framework, consider importing the dropdown component from @revolist/revo-dropdown to avoid this warning and reduce bundle size. @ http://localhost:4173/@vite/client:524
[ 4058675ms] [WARNING] [Vue warn] Set operation on key "nav" failed: target is readonly. {logo: Object, outline: Array(2), socialLinks: Array(1), footer: Object, editLink: Object} @ http://localhost:4173/@vite/client:524
[ 4585443ms] TypeError: filterFunc is not a function
    at FilterPlugin.shouldTrimRow (http://localhost:4173/.vitepress/cache/deps/column.drag.plugin-DKgC_0I1-DDvuKr7b.js?v=dc598411:1405:29)
    at FilterPlugin.getRowFilter (http://localhost:4173/.vitepress/cache/deps/column.drag.plugin-DKgC_0I1-DDvuKr7b.js?v=dc598411:1391:100)
    at FilterPlugin.doFiltering (http://localhost:4173/.vitepress/cache/deps/column.drag.plugin-DKgC_0I1-DDvuKr7b.js?v=dc598411:1343:28)
    at FilterPlugin.runFiltering (http://localhost:4173/.vitepress/cache/deps/column.drag.plugin-DKgC_0I1-DDvuKr7b.js?v=dc598411:1383:8)
    at HostElement.aftersourceset (http://localhost:4173/.vitepress/cache/deps/column.drag.plugin-DKgC_0I1-DDvuKr7b.js?v=dc598411:1190:15)
[ 4585445ms] TypeError: filterFunc is not a function
    at FilterPlugin.shouldTrimRow (http://localhost:4173/.vitepress/cache/deps/column.drag.plugin-DKgC_0I1-DDvuKr7b.js?v=dc598411:1405:29)
    at FilterPlugin.getRowFilter (http://localhost:4173/.vitepress/cache/deps/column.drag.plugin-DKgC_0I1-DDvuKr7b.js?v=dc598411:1391:100)
    at FilterPlugin.doFiltering (http://localhost:4173/.vitepress/cache/deps/column.drag.plugin-DKgC_0I1-DDvuKr7b.js?v=dc598411:1343:28)
    at FilterPlugin.runFiltering (http://localhost:4173/.vitepress/cache/deps/column.drag.plugin-DKgC_0I1-DDvuKr7b.js?v=dc598411:1383:8)
    at aftersourceset (http://localhost:4173/.vitepress/cache/deps/column.drag.plugin-DKgC_0I1-DDvuKr7b.js?v=dc598411:1190:15)
[ 4607441ms] TypeError: filterFunc is not a function
    at FilterPlugin.shouldTrimRow (http://localhost:4173/.vitepress/cache/deps/column.drag.plugin-DKgC_0I1-DDvuKr7b.js?v=dc598411:1405:29)
    at FilterPlugin.getRowFilter (http://localhost:4173/.vitepress/cache/deps/column.drag.plugin-DKgC_0I1-DDvuKr7b.js?v=dc598411:1391:100)
    at FilterPlugin.doFiltering (http://localhost:4173/.vitepress/cache/deps/column.drag.plugin-DKgC_0I1-DDvuKr7b.js?v=dc598411:1343:28)
    at FilterPlugin.runFiltering (http://localhost:4173/.vitepress/cache/deps/column.drag.plugin-DKgC_0I1-DDvuKr7b.js?v=dc598411:1383:8)
    at HostElement.aftersourceset (http://localhost:4173/.vitepress/cache/deps/column.drag.plugin-DKgC_0I1-DDvuKr7b.js?v=dc598411:1190:15)
[ 4607441ms] TypeError: filterFunc is not a function
    at FilterPlugin.shouldTrimRow (http://localhost:4173/.vitepress/cache/deps/column.drag.plugin-DKgC_0I1-DDvuKr7b.js?v=dc598411:1405:29)
    at FilterPlugin.getRowFilter (http://localhost:4173/.vitepress/cache/deps/column.drag.plugin-DKgC_0I1-DDvuKr7b.js?v=dc598411:1391:100)
    at FilterPlugin.doFiltering (http://localhost:4173/.vitepress/cache/deps/column.drag.plugin-DKgC_0I1-DDvuKr7b.js?v=dc598411:1343:28)
    at FilterPlugin.runFiltering (http://localhost:4173/.vitepress/cache/deps/column.drag.plugin-DKgC_0I1-DDvuKr7b.js?v=dc598411:1383:8)
    at aftersourceset (http://localhost:4173/.vitepress/cache/deps/column.drag.plugin-DKgC_0I1-DDvuKr7b.js?v=dc598411:1190:15)
[ 4645669ms] TypeError: filterFunc is not a function
    at FilterPlugin.shouldTrimRow (http://localhost:4173/.vitepress/cache/deps/column.drag.plugin-DKgC_0I1-DDvuKr7b.js?v=dc598411:1405:29)
    at FilterPlugin.getRowFilter (http://localhost:4173/.vitepress/cache/deps/column.drag.plugin-DKgC_0I1-DDvuKr7b.js?v=dc598411:1391:100)
    at FilterPlugin.doFiltering (http://localhost:4173/.vitepress/cache/deps/column.drag.plugin-DKgC_0I1-DDvuKr7b.js?v=dc598411:1343:28)
    at FilterPlugin.runFiltering (http://localhost:4173/.vitepress/cache/deps/column.drag.plugin-DKgC_0I1-DDvuKr7b.js?v=dc598411:1383:8)
    at HostElement.aftersourceset (http://localhost:4173/.vitepress/cache/deps/column.drag.plugin-DKgC_0I1-DDvuKr7b.js?v=dc598411:1190:15)
[ 4645669ms] TypeError: filterFunc is not a function
    at FilterPlugin.shouldTrimRow (http://localhost:4173/.vitepress/cache/deps/column.drag.plugin-DKgC_0I1-DDvuKr7b.js?v=dc598411:1405:29)
    at FilterPlugin.getRowFilter (http://localhost:4173/.vitepress/cache/deps/column.drag.plugin-DKgC_0I1-DDvuKr7b.js?v=dc598411:1391:100)
    at FilterPlugin.doFiltering (http://localhost:4173/.vitepress/cache/deps/column.drag.plugin-DKgC_0I1-DDvuKr7b.js?v=dc598411:1343:28)
    at FilterPlugin.runFiltering (http://localhost:4173/.vitepress/cache/deps/column.drag.plugin-DKgC_0I1-DDvuKr7b.js?v=dc598411:1383:8)
    at aftersourceset (http://localhost:4173/.vitepress/cache/deps/column.drag.plugin-DKgC_0I1-DDvuKr7b.js?v=dc598411:1190:15)
[ 4766338ms] TypeError: filterFunc is not a function
    at FilterPlugin.shouldTrimRow (http://localhost:4173/.vitepress/cache/deps/column.drag.plugin-DKgC_0I1-DDvuKr7b.js?v=dc598411:1405:29)
    at FilterPlugin.getRowFilter (http://localhost:4173/.vitepress/cache/deps/column.drag.plugin-DKgC_0I1-DDvuKr7b.js?v=dc598411:1391:100)
    at FilterPlugin.doFiltering (http://localhost:4173/.vitepress/cache/deps/column.drag.plugin-DKgC_0I1-DDvuKr7b.js?v=dc598411:1343:28)
    at FilterPlugin.runFiltering (http://localhost:4173/.vitepress/cache/deps/column.drag.plugin-DKgC_0I1-DDvuKr7b.js?v=dc598411:1383:8)
    at HostElement.aftersourceset (http://localhost:4173/.vitepress/cache/deps/column.drag.plugin-DKgC_0I1-DDvuKr7b.js?v=dc598411:1190:15)
[ 4766338ms] TypeError: filterFunc is not a function
    at FilterPlugin.shouldTrimRow (http://localhost:4173/.vitepress/cache/deps/column.drag.plugin-DKgC_0I1-DDvuKr7b.js?v=dc598411:1405:29)
    at FilterPlugin.getRowFilter (http://localhost:4173/.vitepress/cache/deps/column.drag.plugin-DKgC_0I1-DDvuKr7b.js?v=dc598411:1391:100)
    at FilterPlugin.doFiltering (http://localhost:4173/.vitepress/cache/deps/column.drag.plugin-DKgC_0I1-DDvuKr7b.js?v=dc598411:1343:28)
    at FilterPlugin.runFiltering (http://localhost:4173/.vitepress/cache/deps/column.drag.plugin-DKgC_0I1-DDvuKr7b.js?v=dc598411:1383:8)
    at aftersourceset (http://localhost:4173/.vitepress/cache/deps/column.drag.plugin-DKgC_0I1-DDvuKr7b.js?v=dc598411:1190:15)
[ 4794167ms] [WARNING] [Vue warn] Set operation on key "nav" failed: target is readonly. {logo: Object, outline: Array(2), socialLinks: Array(1), footer: Object, editLink: Object} @ http://localhost:4173/@vite/client:524
[ 4949724ms] [WARNING] [Vue warn] Set operation on key "nav" failed: target is readonly. {logo: Object, outline: Array(2), socialLinks: Array(1), footer: Object, editLink: Object} @ http://localhost:4173/@vite/client:524
[ 4949748ms] [WARNING] [Vue warn] Set operation on key "nav" failed: target is readonly. {logo: Object, outline: Array(2), socialLinks: Array(1), footer: Object, editLink: Object} @ http://localhost:4173/@vite/client:524
[ 4951659ms] [WARNING] [Vue warn] Set operation on key "nav" failed: target is readonly. {logo: Object, outline: Array(2), socialLinks: Array(1), footer: Object, editLink: Object} @ http://localhost:4173/@vite/client:524
[ 5130094ms] TypeError: filterFunc is not a function
    at FilterPlugin.shouldTrimRow (http://localhost:4173/.vitepress/cache/deps/column.drag.plugin-DKgC_0I1-DDvuKr7b.js?v=dc598411:1405:29)
    at FilterPlugin.getRowFilter (http://localhost:4173/.vitepress/cache/deps/column.drag.plugin-DKgC_0I1-DDvuKr7b.js?v=dc598411:1391:100)
    at FilterPlugin.doFiltering (http://localhost:4173/.vitepress/cache/deps/column.drag.plugin-DKgC_0I1-DDvuKr7b.js?v=dc598411:1343:28)
    at FilterPlugin.runFiltering (http://localhost:4173/.vitepress/cache/deps/column.drag.plugin-DKgC_0I1-DDvuKr7b.js?v=dc598411:1383:8)
    at HostElement.aftersourceset (http://localhost:4173/.vitepress/cache/deps/column.drag.plugin-DKgC_0I1-DDvuKr7b.js?v=dc598411:1190:15)
[ 5130096ms] TypeError: filterFunc is not a function
    at FilterPlugin.shouldTrimRow (http://localhost:4173/.vitepress/cache/deps/column.drag.plugin-DKgC_0I1-DDvuKr7b.js?v=dc598411:1405:29)
    at FilterPlugin.getRowFilter (http://localhost:4173/.vitepress/cache/deps/column.drag.plugin-DKgC_0I1-DDvuKr7b.js?v=dc598411:1391:100)
    at FilterPlugin.doFiltering (http://localhost:4173/.vitepress/cache/deps/column.drag.plugin-DKgC_0I1-DDvuKr7b.js?v=dc598411:1343:28)
    at FilterPlugin.runFiltering (http://localhost:4173/.vitepress/cache/deps/column.drag.plugin-DKgC_0I1-DDvuKr7b.js?v=dc598411:1383:8)
    at aftersourceset (http://localhost:4173/.vitepress/cache/deps/column.drag.plugin-DKgC_0I1-DDvuKr7b.js?v=dc598411:1190:15)
[ 5230274ms] TypeError: filterFunc is not a function
    at FilterPlugin.shouldTrimRow (http://localhost:4173/.vitepress/cache/deps/column.drag.plugin-DKgC_0I1-DDvuKr7b.js?v=dc598411:1405:29)
    at FilterPlugin.getRowFilter (http://localhost:4173/.vitepress/cache/deps/column.drag.plugin-DKgC_0I1-DDvuKr7b.js?v=dc598411:1391:100)
    at FilterPlugin.doFiltering (http://localhost:4173/.vitepress/cache/deps/column.drag.plugin-DKgC_0I1-DDvuKr7b.js?v=dc598411:1343:28)
    at FilterPlugin.runFiltering (http://localhost:4173/.vitepress/cache/deps/column.drag.plugin-DKgC_0I1-DDvuKr7b.js?v=dc598411:1383:8)
    at HostElement.aftersourceset (http://localhost:4173/.vitepress/cache/deps/column.drag.plugin-DKgC_0I1-DDvuKr7b.js?v=dc598411:1190:15)
[ 5230278ms] TypeError: filterFunc is not a function
    at FilterPlugin.shouldTrimRow (http://localhost:4173/.vitepress/cache/deps/column.drag.plugin-DKgC_0I1-DDvuKr7b.js?v=dc598411:1405:29)
    at FilterPlugin.getRowFilter (http://localhost:4173/.vitepress/cache/deps/column.drag.plugin-DKgC_0I1-DDvuKr7b.js?v=dc598411:1391:100)
    at FilterPlugin.doFiltering (http://localhost:4173/.vitepress/cache/deps/column.drag.plugin-DKgC_0I1-DDvuKr7b.js?v=dc598411:1343:28)
    at FilterPlugin.runFiltering (http://localhost:4173/.vitepress/cache/deps/column.drag.plugin-DKgC_0I1-DDvuKr7b.js?v=dc598411:1383:8)
    at aftersourceset (http://localhost:4173/.vitepress/cache/deps/column.drag.plugin-DKgC_0I1-DDvuKr7b.js?v=dc598411:1190:15)
